// Jest Snapshot v1, https://goo.gl/fbAQLP

exports[`<TabBarIcon /> renders with custom props 1`] = `
<View
  pointerEvents="box-none"
  style={
    Object {
      "flex": 1,
    }
  }
>
  <View
    collapsable={true}
    pointerEvents="box-none"
    style={
      Object {
        "flex": 1,
      }
    }
  >
    <Text />
  </View>
</View>
`;

exports[`<TabBarIcon /> renders without props 1`] = `
<View
  pointerEvents="box-none"
  style={
    Object {
      "flex": 1,
    }
  }
>
  <View
    collapsable={true}
    pointerEvents="box-none"
    style={
      Object {
        "flex": 1,
      }
    }
  >
    <Text />
  </View>
</View>
`;
